+ cd /opt/runner/repo/jobs/prov
+ timeout 40m /opt/runner/work/tv/bin/python scripts/trace_corpus.py --repo /opt/runner/work/hfmodels/phi3.5-moe --hub-id microsoft/Phi-3.5-MoE-instruct --corpus /opt/runner/repo/results/047b_audit_phi35@trace/corp_phi3.5-moe_D.jsonl --out /opt/runner/repo/results/047b_audit_phi35@trace/phi3.5-moe_D.npz --device cuda --moe-chunk 16384
[transformers] Unrecognized keys in `rope_parameters` for 'rope_type'='longrope': {'short_mscale', 'long_mscale'}
[transformers] This model config has set a `rope_parameters['original_max_position_embeddings']` field, to be used together with `max_position_embeddings` to determine a scaling factor. Please set the `factor` field of `rope_parameters`with this ratio instead -- we recommend the use of this field over `original_max_position_embeddings`, as it is compatible with most model architectures.
[transformers] `torch_dtype` is deprecated! Use `dtype` instead!
layer   0 done in    2.8s  moe=True
layer   1 done in    2.1s  moe=True
layer   2 done in    2.1s  moe=True
layer   3 done in    2.1s  moe=True
layer   4 done in    2.1s  moe=True
layer   5 done in    2.1s  moe=True
layer   6 done in    2.1s  moe=True
layer   7 done in    2.1s  moe=True
layer   8 done in    2.1s  moe=True
layer   9 done in    2.1s  moe=True
layer  10 done in    2.1s  moe=True
layer  11 done in    2.1s  moe=True
layer  12 done in    2.1s  moe=True
layer  13 done in    2.1s  moe=True
layer  14 done in    2.1s  moe=True
layer  15 done in    2.1s  moe=True
layer  16 done in    2.2s  moe=True
layer  17 done in    2.2s  moe=True
layer  18 done in    2.1s  moe=True
layer  19 done in    2.1s  moe=True
layer  20 done in    2.1s  moe=True
layer  21 done in    2.1s  moe=True
layer  22 done in    2.1s  moe=True
layer  23 done in    2.2s  moe=True
layer  24 done in    2.2s  moe=True
layer  25 done in    2.1s  moe=True
layer  26 done in    2.2s  moe=True
layer  27 done in    2.1s  moe=True
layer  28 done in    2.1s  moe=True
layer  29 done in    2.2s  moe=True
layer  30 done in    2.2s  moe=True
layer  31 done in    2.1s  moe=True
teacher-forced perplexity: 4.770
packed /opt/runner/repo/results/047b_audit_phi35@trace/phi3.5-moe_D.npz: routes (32, 138827, 2) uint8, 3.3 MB, ppl 4.770, 72s
