+ export CUDA_VISIBLE_DEVICES=0
+ CUDA_VISIBLE_DEVICES=0
+++ dirname /w/jobs/108_smallhosts@vast.sh
++ cd /w/jobs
++ pwd
+ JD=/w/jobs
++ nvidia-smi --query-gpu=uuid --format=csv,noheader
++ head -1
++ tr -d ' '
+ UUID=GPU-25e4da5b-1340-0fa7-5dd3-df9f9f1df47f
+ free -g
++ awk '/Mem:/{print $3}' /w/results/108c_smallhosts@vast/free.txt
+ USEDGB=4
+ echo 'GPU UUID GPU-25e4da5b-1340-0fa7-5dd3-df9f9f1df47f; host memory in use 4 GB'
+ tee /w/results/108c_smallhosts@vast/v0.txt
GPU UUID GPU-25e4da5b-1340-0fa7-5dd3-df9f9f1df47f; host memory in use 4 GB
+ grep -qx GPU-25e4da5b-1340-0fa7-5dd3-df9f9f1df47f /w/jobs/ec2/known_gpu_uuids.txt
+ echo 'V0 FAIL: GPU rented before (GPU-25e4da5b-1340-0fa7-5dd3-df9f9f1df47f), stopping'
+ tee -a /w/results/108c_smallhosts@vast/v0.txt
V0 FAIL: GPU rented before (GPU-25e4da5b-1340-0fa7-5dd3-df9f9f1df47f), stopping
+ exit 8
