+ cd /opt/runner/repo/jobs/prov
+ timeout 40m /opt/runner/work/tv/bin/python scripts/trace_corpus.py --repo /opt/runner/work/hfmodels/olmoe --hub-id allenai/OLMoE-1B-7B-0125-Instruct --corpus /opt/runner/repo/results/031_gen_small@40gb/corp_olmoe_D.jsonl --out /opt/runner/repo/results/036_trace_retry@40gb/olmoe_D.npz --device cuda --moe-chunk 16384
[transformers] `torch_dtype` is deprecated! Use `dtype` instead!
layer   0 done in    2.3s  moe=True
layer   1 done in    2.1s  moe=True
layer   2 done in    2.1s  moe=True
layer   3 done in    2.1s  moe=True
layer   4 done in    2.1s  moe=True
layer   5 done in    2.1s  moe=True
layer   6 done in    2.1s  moe=True
layer   7 done in    2.1s  moe=True
layer   8 done in    2.1s  moe=True
layer   9 done in    2.2s  moe=True
layer  10 done in    2.1s  moe=True
layer  11 done in    2.1s  moe=True
layer  12 done in    2.1s  moe=True
layer  13 done in    2.1s  moe=True
layer  14 done in    2.1s  moe=True
layer  15 done in    2.1s  moe=True
teacher-forced perplexity: 4.046
packed /opt/runner/repo/results/036_trace_retry@40gb/olmoe_D.npz: routes (16, 131757, 8) uint8, 7.0 MB, ppl 4.046, 38s
