+ export CUDA_VISIBLE_DEVICES=0
+ CUDA_VISIBLE_DEVICES=0
+++ dirname /w/jobs/107_newhosts@vast.sh
++ cd /w/jobs
++ pwd
+ JD=/w/jobs
++ nvidia-smi --query-gpu=uuid --format=csv,noheader
++ head -1
++ tr -d ' '
+ UUID=GPU-324c4806-62cd-d0b9-3803-0139fa529d9c
+ free -g
++ awk '/Mem:/{print $3}' /w/results/107f_newhosts@vast/free.txt
+ USEDGB=50
+ echo 'GPU UUID GPU-324c4806-62cd-d0b9-3803-0139fa529d9c; host memory in use 50 GB'
+ tee /w/results/107f_newhosts@vast/v0.txt
GPU UUID GPU-324c4806-62cd-d0b9-3803-0139fa529d9c; host memory in use 50 GB
+ grep -qx GPU-324c4806-62cd-d0b9-3803-0139fa529d9c /w/jobs/ec2/known_gpu_uuids.txt
+ '[' 50 -le 48 ']'
+ echo 'V0 FAIL: 50 GB of host memory in use (> 48), stopping'
+ tee -a /w/results/107f_newhosts@vast/v0.txt
V0 FAIL: 50 GB of host memory in use (> 48), stopping
+ exit 7
