+ export CUDA_VISIBLE_DEVICES=0
+ CUDA_VISIBLE_DEVICES=0
+++ dirname /w/jobs/107_newhosts@vast.sh
++ cd /w/jobs
++ pwd
+ JD=/w/jobs
++ nvidia-smi --query-gpu=uuid --format=csv,noheader
++ head -1
++ tr -d ' '
+ UUID=GPU-398eb360-bdb9-c6df-64b1-5d5dbcb674f2
+ free -g
++ awk '/Mem:/{print $3}' /w/results/107g_newhosts@vast/free.txt
+ USEDGB=96
+ echo 'GPU UUID GPU-398eb360-bdb9-c6df-64b1-5d5dbcb674f2; host memory in use 96 GB'
+ tee /w/results/107g_newhosts@vast/v0.txt
GPU UUID GPU-398eb360-bdb9-c6df-64b1-5d5dbcb674f2; host memory in use 96 GB
+ grep -qx GPU-398eb360-bdb9-c6df-64b1-5d5dbcb674f2 /w/jobs/ec2/known_gpu_uuids.txt
+ '[' 96 -le 48 ']'
+ echo 'V0 FAIL: 96 GB of host memory in use (> 48), stopping'
+ tee -a /w/results/107g_newhosts@vast/v0.txt
V0 FAIL: 96 GB of host memory in use (> 48), stopping
+ exit 7
