+ export CUDA_VISIBLE_DEVICES=0
+ CUDA_VISIBLE_DEVICES=0
+++ dirname /w/jobs/108_smallhosts@vast.sh
++ cd /w/jobs
++ pwd
+ JD=/w/jobs
++ nvidia-smi --query-gpu=uuid --format=csv,noheader
++ head -1
++ tr -d ' '
+ UUID=GPU-713d3f87-5e12-79f5-4298-4d576d71028b
+ free -g
++ awk '/Mem:/{print $3}' /w/results/108e_smallhosts@vast/free.txt
+ USEDGB=323
+ echo 'GPU UUID GPU-713d3f87-5e12-79f5-4298-4d576d71028b; host memory in use 323 GB'
+ tee /w/results/108e_smallhosts@vast/v0.txt
GPU UUID GPU-713d3f87-5e12-79f5-4298-4d576d71028b; host memory in use 323 GB
+ grep -qx GPU-713d3f87-5e12-79f5-4298-4d576d71028b /w/jobs/ec2/known_gpu_uuids.txt
+ '[' 323 -le 48 ']'
+ echo 'V0 FAIL: 323 GB of host memory in use (> 48), stopping'
+ tee -a /w/results/108e_smallhosts@vast/v0.txt
V0 FAIL: 323 GB of host memory in use (> 48), stopping
+ exit 7
