+ export CUDA_VISIBLE_DEVICES=0
+ CUDA_VISIBLE_DEVICES=0
+++ dirname /w/jobs/107_newhosts@vast.sh
++ cd /w/jobs
++ pwd
+ JD=/w/jobs
++ nvidia-smi --query-gpu=uuid --format=csv,noheader
++ head -1
++ tr -d ' '
+ UUID=GPU-064cc20b-68e5-468e-d0fd-b969a6c67e86
+ free -g
++ awk '/Mem:/{print $3}' /w/results/107a_newhosts@vast/free.txt
+ USEDGB=50
+ echo 'GPU UUID GPU-064cc20b-68e5-468e-d0fd-b969a6c67e86; host memory in use 50 GB'
+ tee /w/results/107a_newhosts@vast/v0.txt
GPU UUID GPU-064cc20b-68e5-468e-d0fd-b969a6c67e86; host memory in use 50 GB
+ grep -qx GPU-064cc20b-68e5-468e-d0fd-b969a6c67e86 /w/jobs/ec2/known_gpu_uuids.txt
+ '[' 50 -le 48 ']'
+ echo 'V0 FAIL: 50 GB of host memory in use (> 48), stopping'
+ tee -a /w/results/107a_newhosts@vast/v0.txt
V0 FAIL: 50 GB of host memory in use (> 48), stopping
+ exit 7
