Warning: You are sending unauthenticated requests to the HF Hub. Please set a HF_TOKEN to enable higher rate limits and faster downloads.
[transformers] `torch_dtype` is deprecated! Use `dtype` instead!
layer   0 done in  118.4s  moe=True
layer   1 done in  122.6s  moe=True
layer   2 done in  145.7s  moe=True
layer   3 done in  111.6s  moe=True
layer   4 done in  113.7s  moe=True
layer   5 done in  151.4s  moe=True
layer   6 done in  114.8s  moe=True
layer   7 done in  137.4s  moe=True
layer   8 done in  108.0s  moe=True
layer   9 done in  112.4s  moe=True
layer  10 done in  131.3s  moe=True
layer  11 done in  141.2s  moe=True
layer  12 done in  124.8s  moe=True
layer  13 done in  114.1s  moe=True
layer  14 done in  114.7s  moe=True
layer  15 done in  106.9s  moe=True
layer  16 done in  129.2s  moe=True
layer  17 done in  244.3s  moe=True
layer  18 done in  125.3s  moe=True
layer  19 done in  119.7s  moe=True
layer  20 done in  139.4s  moe=True
layer  21 done in  116.1s  moe=True
layer  22 done in  112.7s  moe=True
layer  23 done in  127.5s  moe=True
layer  24 done in  120.9s  moe=True
layer  25 done in  155.0s  moe=True
layer  26 done in  116.9s  moe=True
layer  27 done in  110.7s  moe=True
layer  28 done in  116.7s  moe=True
layer  29 done in  141.6s  moe=True
layer  30 done in  120.5s  moe=True
layer  31 done in  115.5s  moe=True
layer  32 done in  125.7s  moe=True
layer  33 done in  133.0s  moe=True
layer  34 done in  114.4s  moe=True
layer  35 done in  111.1s  moe=True
teacher-forced perplexity: 851.250
