Warning: You are sending unauthenticated requests to the HF Hub. Please set a HF_TOKEN to enable higher rate limits and faster downloads.
[transformers] `torch_dtype` is deprecated! Use `dtype` instead!
layer   0 done in   62.2s  moe=True
layer   1 done in   62.0s  moe=True
layer   2 done in   73.3s  moe=True
layer   3 done in   76.8s  moe=True
layer   4 done in   68.6s  moe=True
layer   5 done in   61.3s  moe=True
layer   6 done in   64.6s  moe=True
layer   7 done in   59.7s  moe=True
layer   8 done in   61.2s  moe=True
layer   9 done in   61.1s  moe=True
layer  10 done in   58.6s  moe=True
layer  11 done in   64.8s  moe=True
layer  12 done in   59.9s  moe=True
layer  13 done in   69.7s  moe=True
layer  14 done in   69.9s  moe=True
layer  15 done in   62.6s  moe=True
layer  16 done in   61.0s  moe=True
layer  17 done in   61.7s  moe=True
layer  18 done in   65.0s  moe=True
layer  19 done in   63.6s  moe=True
layer  20 done in   62.4s  moe=True
layer  21 done in   61.5s  moe=True
layer  22 done in   59.6s  moe=True
layer  23 done in   61.2s  moe=True
teacher-forced perplexity: 17.488
