Warning: You are sending unauthenticated requests to the HF Hub. Please set a HF_TOKEN to enable higher rate limits and faster downloads.
[transformers] `torch_dtype` is deprecated! Use `dtype` instead!
layer   0 done in   29.2s  moe=True
layer   1 done in   34.7s  moe=True
layer   2 done in   24.3s  moe=True
layer   3 done in   26.4s  moe=True
layer   4 done in   24.3s  moe=True
layer   5 done in   38.1s  moe=True
layer   6 done in   26.4s  moe=True
layer   7 done in   23.9s  moe=True
layer   8 done in   23.7s  moe=True
layer   9 done in   22.9s  moe=True
layer  10 done in   24.6s  moe=True
layer  11 done in   21.4s  moe=True
layer  12 done in   24.6s  moe=True
layer  13 done in   22.6s  moe=True
layer  14 done in   26.8s  moe=True
layer  15 done in   24.0s  moe=True
layer  16 done in   24.1s  moe=True
layer  17 done in   22.8s  moe=True
layer  18 done in   26.4s  moe=True
layer  19 done in   21.7s  moe=True
layer  20 done in   22.4s  moe=True
layer  21 done in   29.9s  moe=True
layer  22 done in   24.9s  moe=True
layer  23 done in   27.7s  moe=True
teacher-forced perplexity: 17.224
