[transformers] `torch_dtype` is deprecated! Use `dtype` instead!
Warning: You are sending unauthenticated requests to the HF Hub. Please set a HF_TOKEN to enable higher rate limits and faster downloads.
layer   0 done in  148.8s  moe=True
layer   1 done in  110.7s  moe=True
layer   2 done in   83.3s  moe=True
layer   3 done in   77.3s  moe=True
layer   4 done in   80.6s  moe=True
layer   5 done in   76.1s  moe=True
layer   6 done in   75.8s  moe=True
layer   7 done in   86.2s  moe=True
layer   8 done in   83.5s  moe=True
layer   9 done in   84.7s  moe=True
layer  10 done in   79.7s  moe=True
layer  11 done in   80.6s  moe=True
layer  12 done in   76.9s  moe=True
layer  13 done in   85.6s  moe=True
layer  14 done in   73.2s  moe=True
layer  15 done in   80.4s  moe=True
layer  16 done in   88.9s  moe=True
layer  17 done in   78.1s  moe=True
layer  18 done in   77.0s  moe=True
layer  19 done in   87.0s  moe=True
layer  20 done in   78.2s  moe=True
layer  21 done in   72.8s  moe=True
layer  22 done in   78.3s  moe=True
layer  23 done in   85.5s  moe=True
layer  24 done in   87.9s  moe=True
layer  25 done in   82.4s  moe=True
layer  26 done in   76.6s  moe=True
layer  27 done in   82.4s  moe=True
layer  28 done in   72.8s  moe=True
layer  29 done in   82.7s  moe=True
layer  30 done in   91.3s  moe=True
layer  31 done in   86.3s  moe=True
layer  32 done in   87.7s  moe=True
layer  33 done in   89.2s  moe=True
layer  34 done in   78.7s  moe=True
layer  35 done in   79.8s  moe=True
teacher-forced perplexity: 343.082
