Warning: You are sending unauthenticated requests to the HF Hub. Please set a HF_TOKEN to enable higher rate limits and faster downloads.
[transformers] `torch_dtype` is deprecated! Use `dtype` instead!
layer   0 done in   76.6s  moe=True
layer   1 done in   78.4s  moe=True
layer   2 done in   73.1s  moe=True
layer   3 done in   79.2s  moe=True
layer   4 done in   64.8s  moe=True
layer   5 done in   61.2s  moe=True
layer   6 done in   63.2s  moe=True
layer   7 done in   65.7s  moe=True
layer   8 done in   61.1s  moe=True
layer   9 done in   62.2s  moe=True
layer  10 done in   56.2s  moe=True
layer  11 done in   55.1s  moe=True
layer  12 done in   58.6s  moe=True
layer  13 done in   61.3s  moe=True
layer  14 done in   63.7s  moe=True
layer  15 done in   64.6s  moe=True
layer  16 done in   71.8s  moe=True
layer  17 done in   62.9s  moe=True
layer  18 done in   69.7s  moe=True
layer  19 done in   72.3s  moe=True
layer  20 done in   62.5s  moe=True
layer  21 done in   65.3s  moe=True
layer  22 done in   69.3s  moe=True
layer  23 done in   63.6s  moe=True
layer  24 done in   68.6s  moe=True
layer  25 done in   69.0s  moe=True
layer  26 done in   66.8s  moe=True
layer  27 done in   59.3s  moe=True
layer  28 done in   62.1s  moe=True
layer  29 done in   69.8s  moe=True
layer  30 done in   58.9s  moe=True
layer  31 done in   72.4s  moe=True
layer  32 done in   74.3s  moe=True
layer  33 done in   65.2s  moe=True
layer  34 done in   64.2s  moe=True
layer  35 done in   64.9s  moe=True
teacher-forced perplexity: 54.042
