+ cd /opt/runner/repo/jobs/prov
+ timeout 40m /opt/runner/work/tv/bin/python scripts/trace_corpus.py --repo /opt/runner/work/hfmodels/mixtral-8x7b --hub-id mistralai/Mixtral-8x7B-Instruct-v0.1 --corpus /opt/runner/repo/results/045b_audit_mixtral@trace/corp_mixtral-8x7b_G.jsonl --out /opt/runner/repo/results/045b_audit_mixtral@trace/mixtral-8x7b_G.npz --device cuda --moe-chunk 16384
[transformers] `torch_dtype` is deprecated! Use `dtype` instead!
layer   0 done in    3.9s  moe=True
layer   1 done in    3.1s  moe=True
layer   2 done in    2.9s  moe=True
layer   3 done in    2.8s  moe=True
layer   4 done in    2.6s  moe=True
layer   5 done in    2.8s  moe=True
layer   6 done in    2.9s  moe=True
layer   7 done in    2.7s  moe=True
layer   8 done in    2.7s  moe=True
layer   9 done in    2.8s  moe=True
layer  10 done in    2.7s  moe=True
layer  11 done in    2.7s  moe=True
layer  12 done in    2.7s  moe=True
layer  13 done in    2.8s  moe=True
layer  14 done in    2.8s  moe=True
layer  15 done in    2.8s  moe=True
layer  16 done in    2.8s  moe=True
layer  17 done in    2.7s  moe=True
layer  18 done in    2.8s  moe=True
layer  19 done in    2.8s  moe=True
layer  20 done in    2.8s  moe=True
layer  21 done in    2.7s  moe=True
layer  22 done in    2.8s  moe=True
layer  23 done in    2.8s  moe=True
layer  24 done in    2.8s  moe=True
layer  25 done in    2.8s  moe=True
layer  26 done in    2.8s  moe=True
layer  27 done in    2.7s  moe=True
layer  28 done in    2.8s  moe=True
layer  29 done in    2.8s  moe=True
layer  30 done in    2.8s  moe=True
layer  31 done in    2.8s  moe=True
teacher-forced perplexity: 2.286
packed /opt/runner/repo/results/045b_audit_mixtral@trace/mixtral-8x7b_G.npz: routes (32, 121042, 2) uint8, 2.8 MB, ppl 2.286, 92s
