+ cd /opt/runner/repo/jobs/prov
+ timeout 40m /opt/runner/work/tv/bin/python scripts/trace_corpus.py --repo /opt/runner/work/hfmodels/olmoe --hub-id allenai/OLMoE-1B-7B-0125-Instruct --corpus /opt/runner/repo/jobs/prov/data/tok_olmoe.jsonl --out /opt/runner/repo/results/028_trace_small@40gb/olmoe_tok.npz --device cuda
[transformers] `torch_dtype` is deprecated! Use `dtype` instead!
layer   0 done in    1.3s  moe=True
layer   1 done in    1.0s  moe=True
layer   2 done in    1.0s  moe=True
layer   3 done in    1.0s  moe=True
layer   4 done in    1.0s  moe=True
layer   5 done in    1.0s  moe=True
layer   6 done in    1.0s  moe=True
layer   7 done in    1.1s  moe=True
layer   8 done in    1.0s  moe=True
layer   9 done in    1.0s  moe=True
layer  10 done in    1.2s  moe=True
layer  11 done in    1.0s  moe=True
layer  12 done in    1.0s  moe=True
layer  13 done in    1.0s  moe=True
layer  14 done in    1.0s  moe=True
layer  15 done in    1.0s  moe=True
teacher-forced perplexity: 3.670
packed /opt/runner/repo/results/028_trace_small@40gb/olmoe_tok.npz: routes (16, 25737, 8) uint8, 1.4 MB, ppl 3.670, 18s
